=========================================================
Ô£à DONN├ëES DE TEST CR├ë├ëES AVEC SUCC├êS
=========================================================
Template cr├®├® : Mod├¿le VIP (Test)
├ëv├®nement cr├®├®: ├ëv├®nement de Test RSVP
Invit├® ajout├® : Sacha L'Invit├® (sacha@example.com)

Ô×í´©Å Lien du Dashboard de l'├ëv├®nement : http://localhost:3000/dashboard/events/69ba16e23aa6314a033d9079
Ô×í´©Å Lien PUBLIC de l'Invitation (pour Sacha) : http://localhost:3000/invite/txYEPUmoVtz10pcv876t2AzaUQQEB5w-
=========================================================
